Starting job on node: node18.enst.fr
Job started at: ven. 05 déc. 2025 15:22:49 CET
Torch: 2.6.0+cu124
CUDA available: True
CUDA runtime: 12.4
cuDNN: 90100
GPU: Tesla P100-PCIE-16GB
Capability: (6, 0)
Using device: cuda:0
RUN_ID: 001
Moved /home/infres/rplanchon-23/code/DSM/src/VE-SDE/mnist/runs/mnist_ve_sde_678507.out -> /home/infres/rplanchon-23/code/DSM/src/VE-SDE/mnist/runs/mnist_baseline/001/mnist_ve_sde_678507.out
Moved /home/infres/rplanchon-23/code/DSM/src/VE-SDE/mnist/runs/mnist_ve_sde_678507.err -> /home/infres/rplanchon-23/code/DSM/src/VE-SDE/mnist/runs/mnist_baseline/001/mnist_ve_sde_678507.err
MNIST train size: 60000
MNIST test size : 10000
Sigma hyperparams: min=0.01, max=1.5
Model: in_ch=1, base_ch=64, channel_mults=(1, 2, 2, 4)
Grad clip max_norm: 1.0
7.11 M params
[step : 100 | epoch : 0] train loss (last 100) = 0.6770
[step : 200 | epoch : 0] train loss (last 100) = 0.5092
[step : 300 | epoch : 0] train loss (last 100) = 0.4482
[step : 400 | epoch : 0] train loss (last 100) = 0.4100
[step : 500 | epoch : 0] train loss (last 100) = 0.3957
[step : 600 | epoch : 0] train loss (last 100) = 0.3746
[step : 700 | epoch : 0] train loss (last 100) = 0.3573
[step : 800 | epoch : 0] train loss (last 100) = 0.3443
[step : 900 | epoch : 0] train loss (last 100) = 0.3257
[step : 1000 | epoch : 1] train loss (last 100) = 0.3131
[step : 1100 | epoch : 1] train loss (last 100) = 0.3082
[step : 1200 | epoch : 1] train loss (last 100) = 0.2999
[step : 1300 | epoch : 1] train loss (last 100) = 0.2849
[step : 1400 | epoch : 1] train loss (last 100) = 0.2777
[step : 1500 | epoch : 1] train loss (last 100) = 0.2647
[step : 1600 | epoch : 1] train loss (last 100) = 0.2626
[step : 1700 | epoch : 1] train loss (last 100) = 0.2553
[step : 1800 | epoch : 1] train loss (last 100) = 0.2483
[step : 1900 | epoch : 2] train loss (last 100) = 0.2439
[step : 2000 | epoch : 2] train loss (last 100) = 0.2371
[step : 2100 | epoch : 2] train loss (last 100) = 0.2270
[step : 2200 | epoch : 2] train loss (last 100) = 0.2282
[step : 2300 | epoch : 2] train loss (last 100) = 0.2240
[step : 2400 | epoch : 2] train loss (last 100) = 0.2169
[step : 2500 | epoch : 2] train loss (last 100) = 0.2101
[step : 2600 | epoch : 2] train loss (last 100) = 0.2060
[step : 2700 | epoch : 2] train loss (last 100) = 0.2085
[step : 2800 | epoch : 2] train loss (last 100) = 0.2042
[step : 2900 | epoch : 3] train loss (last 100) = 0.1949
[step : 3000 | epoch : 3] train loss (last 100) = 0.1899
[step : 3100 | epoch : 3] train loss (last 100) = 0.1905
[step : 3200 | epoch : 3] train loss (last 100) = 0.1810
[step : 3300 | epoch : 3] train loss (last 100) = 0.1839
[step : 3400 | epoch : 3] train loss (last 100) = 0.1742
[step : 3500 | epoch : 3] train loss (last 100) = 0.1756
[step : 3600 | epoch : 3] train loss (last 100) = 0.1715
[step : 3700 | epoch : 3] train loss (last 100) = 0.1709
[step : 3800 | epoch : 4] train loss (last 100) = 0.1699
[step : 3900 | epoch : 4] train loss (last 100) = 0.1625
[step : 4000 | epoch : 4] train loss (last 100) = 0.1617
[step : 4100 | epoch : 4] train loss (last 100) = 0.1625
[step : 4200 | epoch : 4] train loss (last 100) = 0.1592
[step : 4300 | epoch : 4] train loss (last 100) = 0.1552
[step : 4400 | epoch : 4] train loss (last 100) = 0.1530
[step : 4500 | epoch : 4] train loss (last 100) = 0.1519
[step : 4600 | epoch : 4] train loss (last 100) = 0.1481
[step : 4700 | epoch : 5] train loss (last 100) = 0.1452
[step : 4800 | epoch : 5] train loss (last 100) = 0.1431
[step : 4900 | epoch : 5] train loss (last 100) = 0.1447
[step : 5000 | epoch : 5] train loss (last 100) = 0.1399
[step : 5100 | epoch : 5] train loss (last 100) = 0.1397
[step : 5200 | epoch : 5] train loss (last 100) = 0.1405
[step : 5300 | epoch : 5] train loss (last 100) = 0.1375
[step : 5400 | epoch : 5] train loss (last 100) = 0.1341
[step : 5500 | epoch : 5] train loss (last 100) = 0.1341
[step : 5600 | epoch : 5] train loss (last 100) = 0.1343
[step : 5700 | epoch : 6] train loss (last 100) = 0.1322
[step : 5800 | epoch : 6] train loss (last 100) = 0.1301
[step : 5900 | epoch : 6] train loss (last 100) = 0.1296
[step : 6000 | epoch : 6] train loss (last 100) = 0.1277
[step : 6100 | epoch : 6] train loss (last 100) = 0.1273
[step : 6200 | epoch : 6] train loss (last 100) = 0.1270
[step : 6300 | epoch : 6] train loss (last 100) = 0.1251
[step : 6400 | epoch : 6] train loss (last 100) = 0.1227
[step : 6500 | epoch : 6] train loss (last 100) = 0.1224
[step : 6600 | epoch : 7] train loss (last 100) = 0.1226
[step : 6700 | epoch : 7] train loss (last 100) = 0.1205
[step : 6800 | epoch : 7] train loss (last 100) = 0.1214
[step : 6900 | epoch : 7] train loss (last 100) = 0.1196
[step : 7000 | epoch : 7] train loss (last 100) = 0.1179
[step : 7100 | epoch : 7] train loss (last 100) = 0.1175
[step : 7200 | epoch : 7] train loss (last 100) = 0.1163
[step : 7300 | epoch : 7] train loss (last 100) = 0.1150
[step : 7400 | epoch : 7] train loss (last 100) = 0.1159
[step : 7500 | epoch : 7] train loss (last 100) = 0.1151
[step : 7600 | epoch : 8] train loss (last 100) = 0.1155
[step : 7700 | epoch : 8] train loss (last 100) = 0.1138
[step : 7800 | epoch : 8] train loss (last 100) = 0.1119
[step : 7900 | epoch : 8] train loss (last 100) = 0.1133
[step : 8000 | epoch : 8] train loss (last 100) = 0.1137
[step : 8100 | epoch : 8] train loss (last 100) = 0.1138
[step : 8200 | epoch : 8] train loss (last 100) = 0.1108
[step : 8300 | epoch : 8] train loss (last 100) = 0.1110
[step : 8400 | epoch : 8] train loss (last 100) = 0.1126
[step : 8500 | epoch : 9] train loss (last 100) = 0.1116
[step : 8600 | epoch : 9] train loss (last 100) = 0.1114
[step : 8700 | epoch : 9] train loss (last 100) = 0.1096
[step : 8800 | epoch : 9] train loss (last 100) = 0.1081
[step : 8900 | epoch : 9] train loss (last 100) = 0.1093
[step : 9000 | epoch : 9] train loss (last 100) = 0.1070
[step : 9100 | epoch : 9] train loss (last 100) = 0.1075
[step : 9200 | epoch : 9] train loss (last 100) = 0.1080
[step : 9300 | epoch : 9] train loss (last 100) = 0.1070
[step : 9400 | epoch : 10] train loss (last 100) = 0.1058
[step : 9500 | epoch : 10] train loss (last 100) = 0.1059
[step : 9600 | epoch : 10] train loss (last 100) = 0.1067
[step : 9700 | epoch : 10] train loss (last 100) = 0.1056
[step : 9800 | epoch : 10] train loss (last 100) = 0.1059
[step : 9900 | epoch : 10] train loss (last 100) = 0.1044
[step : 10000 | epoch : 10] train loss (last 100) = 0.1033
[step : 10100 | epoch : 10] train loss (last 100) = 0.1040
[step : 10200 | epoch : 10] train loss (last 100) = 0.1058
[step : 10300 | epoch : 10] train loss (last 100) = 0.1041
[step : 10400 | epoch : 11] train loss (last 100) = 0.1041
[step : 10500 | epoch : 11] train loss (last 100) = 0.1035
[step : 10600 | epoch : 11] train loss (last 100) = 0.1033
[step : 10700 | epoch : 11] train loss (last 100) = 0.1032
[step : 10800 | epoch : 11] train loss (last 100) = 0.1011
[step : 10900 | epoch : 11] train loss (last 100) = 0.1010
[step : 11000 | epoch : 11] train loss (last 100) = 0.1021
[step : 11100 | epoch : 11] train loss (last 100) = 0.1029
[step : 11200 | epoch : 11] train loss (last 100) = 0.1022
[step : 11300 | epoch : 12] train loss (last 100) = 0.1028
[step : 11400 | epoch : 12] train loss (last 100) = 0.1016
[step : 11500 | epoch : 12] train loss (last 100) = 0.0998
[step : 11600 | epoch : 12] train loss (last 100) = 0.1010
[step : 11700 | epoch : 12] train loss (last 100) = 0.1017
[step : 11800 | epoch : 12] train loss (last 100) = 0.0995
[step : 11900 | epoch : 12] train loss (last 100) = 0.1005
[step : 12000 | epoch : 12] train loss (last 100) = 0.1021
[step : 12100 | epoch : 12] train loss (last 100) = 0.1008
[step : 12200 | epoch : 13] train loss (last 100) = 0.1009
[step : 12300 | epoch : 13] train loss (last 100) = 0.1005
[step : 12400 | epoch : 13] train loss (last 100) = 0.1001
[step : 12500 | epoch : 13] train loss (last 100) = 0.1000
[step : 12600 | epoch : 13] train loss (last 100) = 0.1013
[step : 12700 | epoch : 13] train loss (last 100) = 0.0985
[step : 12800 | epoch : 13] train loss (last 100) = 0.0998
[step : 12900 | epoch : 13] train loss (last 100) = 0.0997
[step : 13000 | epoch : 13] train loss (last 100) = 0.0975
[step : 13100 | epoch : 13] train loss (last 100) = 0.1001
[step : 13200 | epoch : 14] train loss (last 100) = 0.0989
[step : 13300 | epoch : 14] train loss (last 100) = 0.0988
[step : 13400 | epoch : 14] train loss (last 100) = 0.0987
[step : 13500 | epoch : 14] train loss (last 100) = 0.0982
[step : 13600 | epoch : 14] train loss (last 100) = 0.0973
[step : 13700 | epoch : 14] train loss (last 100) = 0.0978
[step : 13800 | epoch : 14] train loss (last 100) = 0.0987
[step : 13900 | epoch : 14] train loss (last 100) = 0.0976
[step : 14000 | epoch : 14] train loss (last 100) = 0.0978
[step : 14100 | epoch : 15] train loss (last 100) = 0.0984
[step : 14200 | epoch : 15] train loss (last 100) = 0.0973
[step : 14300 | epoch : 15] train loss (last 100) = 0.0989
[step : 14400 | epoch : 15] train loss (last 100) = 0.0971
[step : 14500 | epoch : 15] train loss (last 100) = 0.0969
[step : 14600 | epoch : 15] train loss (last 100) = 0.0951
[step : 14700 | epoch : 15] train loss (last 100) = 0.0967
[step : 14800 | epoch : 15] train loss (last 100) = 0.0969
[step : 14900 | epoch : 15] train loss (last 100) = 0.0966
[step : 15000 | epoch : 15] train loss (last 100) = 0.0958
[step : 15100 | epoch : 16] train loss (last 100) = 0.0962
[step : 15200 | epoch : 16] train loss (last 100) = 0.0964
[step : 15300 | epoch : 16] train loss (last 100) = 0.0966
[step : 15400 | epoch : 16] train loss (last 100) = 0.0960
[step : 15500 | epoch : 16] train loss (last 100) = 0.0949
[step : 15600 | epoch : 16] train loss (last 100) = 0.0963
[step : 15700 | epoch : 16] train loss (last 100) = 0.0958
[step : 15800 | epoch : 16] train loss (last 100) = 0.0967
[step : 15900 | epoch : 16] train loss (last 100) = 0.0953
[step : 16000 | epoch : 17] train loss (last 100) = 0.0947
[step : 16100 | epoch : 17] train loss (last 100) = 0.0949
[step : 16200 | epoch : 17] train loss (last 100) = 0.0958
[step : 16300 | epoch : 17] train loss (last 100) = 0.0962
[step : 16400 | epoch : 17] train loss (last 100) = 0.0952
[step : 16500 | epoch : 17] train loss (last 100) = 0.0941
[step : 16600 | epoch : 17] train loss (last 100) = 0.0961
[step : 16700 | epoch : 17] train loss (last 100) = 0.0954
[step : 16800 | epoch : 17] train loss (last 100) = 0.0953
[step : 16900 | epoch : 18] train loss (last 100) = 0.0942
[step : 17000 | epoch : 18] train loss (last 100) = 0.0950
[step : 17100 | epoch : 18] train loss (last 100) = 0.0948
[step : 17200 | epoch : 18] train loss (last 100) = 0.0949
[step : 17300 | epoch : 18] train loss (last 100) = 0.0931
[step : 17400 | epoch : 18] train loss (last 100) = 0.0942
[step : 17500 | epoch : 18] train loss (last 100) = 0.0948
[step : 17600 | epoch : 18] train loss (last 100) = 0.0961
[step : 17700 | epoch : 18] train loss (last 100) = 0.0948
[step : 17800 | epoch : 18] train loss (last 100) = 0.0930
[step : 17900 | epoch : 19] train loss (last 100) = 0.0945
[step : 18000 | epoch : 19] train loss (last 100) = 0.0933
[step : 18100 | epoch : 19] train loss (last 100) = 0.0952
[step : 18200 | epoch : 19] train loss (last 100) = 0.0952
[step : 18300 | epoch : 19] train loss (last 100) = 0.0934
[step : 18400 | epoch : 19] train loss (last 100) = 0.0946
[step : 18500 | epoch : 19] train loss (last 100) = 0.0939
[step : 18600 | epoch : 19] train loss (last 100) = 0.0943
[step : 18700 | epoch : 19] train loss (last 100) = 0.0941
[step : 18800 | epoch : 20] train loss (last 100) = 0.0941
[step : 18900 | epoch : 20] train loss (last 100) = 0.0948
[step : 19000 | epoch : 20] train loss (last 100) = 0.0942
[step : 19100 | epoch : 20] train loss (last 100) = 0.0930
[step : 19200 | epoch : 20] train loss (last 100) = 0.0932
[step : 19300 | epoch : 20] train loss (last 100) = 0.0937
[step : 19400 | epoch : 20] train loss (last 100) = 0.0929
[step : 19500 | epoch : 20] train loss (last 100) = 0.0947
[step : 19600 | epoch : 20] train loss (last 100) = 0.0931
[step : 19700 | epoch : 21] train loss (last 100) = 0.0933
[step : 19800 | epoch : 21] train loss (last 100) = 0.0928
[step : 19900 | epoch : 21] train loss (last 100) = 0.0929
[step : 20000 | epoch : 21] train loss (last 100) = 0.0921
[step : 20100 | epoch : 21] train loss (last 100) = 0.0938
[step : 20200 | epoch : 21] train loss (last 100) = 0.0932
[step : 20300 | epoch : 21] train loss (last 100) = 0.0937
[step : 20400 | epoch : 21] train loss (last 100) = 0.0928
[step : 20500 | epoch : 21] train loss (last 100) = 0.0917
[step : 20600 | epoch : 21] train loss (last 100) = 0.0938
[step : 20700 | epoch : 22] train loss (last 100) = 0.0924
[step : 20800 | epoch : 22] train loss (last 100) = 0.0941
[step : 20900 | epoch : 22] train loss (last 100) = 0.0922
[step : 21000 | epoch : 22] train loss (last 100) = 0.0924
[step : 21100 | epoch : 22] train loss (last 100) = 0.0939
[step : 21200 | epoch : 22] train loss (last 100) = 0.0932
[step : 21300 | epoch : 22] train loss (last 100) = 0.0933
[step : 21400 | epoch : 22] train loss (last 100) = 0.0929
[step : 21500 | epoch : 22] train loss (last 100) = 0.0910
[step : 21600 | epoch : 23] train loss (last 100) = 0.0929
[step : 21700 | epoch : 23] train loss (last 100) = 0.0933
[step : 21800 | epoch : 23] train loss (last 100) = 0.0932
[step : 21900 | epoch : 23] train loss (last 100) = 0.0916
[step : 22000 | epoch : 23] train loss (last 100) = 0.0920
[step : 22100 | epoch : 23] train loss (last 100) = 0.0933
[step : 22200 | epoch : 23] train loss (last 100) = 0.0925
[step : 22300 | epoch : 23] train loss (last 100) = 0.0939
[step : 22400 | epoch : 23] train loss (last 100) = 0.0914
[step : 22500 | epoch : 23] train loss (last 100) = 0.0938
[step : 22600 | epoch : 24] train loss (last 100) = 0.0921
[step : 22700 | epoch : 24] train loss (last 100) = 0.0924
[step : 22800 | epoch : 24] train loss (last 100) = 0.0920
[step : 22900 | epoch : 24] train loss (last 100) = 0.0920
[step : 23000 | epoch : 24] train loss (last 100) = 0.0923
[step : 23100 | epoch : 24] train loss (last 100) = 0.0914
[step : 23200 | epoch : 24] train loss (last 100) = 0.0920
[step : 23300 | epoch : 24] train loss (last 100) = 0.0922
[step : 23400 | epoch : 24] train loss (last 100) = 0.0923
[step : 23500 | epoch : 25] train loss (last 100) = 0.0911
[step : 23600 | epoch : 25] train loss (last 100) = 0.0917
[step : 23700 | epoch : 25] train loss (last 100) = 0.0906
[step : 23800 | epoch : 25] train loss (last 100) = 0.0920
[step : 23900 | epoch : 25] train loss (last 100) = 0.0925
[step : 24000 | epoch : 25] train loss (last 100) = 0.0922
[step : 24100 | epoch : 25] train loss (last 100) = 0.0914
[step : 24200 | epoch : 25] train loss (last 100) = 0.0928
[step : 24300 | epoch : 25] train loss (last 100) = 0.0923
[step : 24400 | epoch : 26] train loss (last 100) = 0.0913
[step : 24500 | epoch : 26] train loss (last 100) = 0.0910
[step : 24600 | epoch : 26] train loss (last 100) = 0.0908
[step : 24700 | epoch : 26] train loss (last 100) = 0.0914
[step : 24800 | epoch : 26] train loss (last 100) = 0.0923
[step : 24900 | epoch : 26] train loss (last 100) = 0.0924
[step : 25000 | epoch : 26] train loss (last 100) = 0.0914
[step : 25100 | epoch : 26] train loss (last 100) = 0.0917
[step : 25200 | epoch : 26] train loss (last 100) = 0.0915
[step : 25300 | epoch : 26] train loss (last 100) = 0.0916
[step : 25400 | epoch : 27] train loss (last 100) = 0.0924
[step : 25500 | epoch : 27] train loss (last 100) = 0.0923
[step : 25600 | epoch : 27] train loss (last 100) = 0.0912
[step : 25700 | epoch : 27] train loss (last 100) = 0.0910
[step : 25800 | epoch : 27] train loss (last 100) = 0.0912
[step : 25900 | epoch : 27] train loss (last 100) = 0.0912
[step : 26000 | epoch : 27] train loss (last 100) = 0.0914
[step : 26100 | epoch : 27] train loss (last 100) = 0.0904
[step : 26200 | epoch : 27] train loss (last 100) = 0.0916
[step : 26300 | epoch : 28] train loss (last 100) = 0.0913
[step : 26400 | epoch : 28] train loss (last 100) = 0.0914
[step : 26500 | epoch : 28] train loss (last 100) = 0.0909
[step : 26600 | epoch : 28] train loss (last 100) = 0.0912
[step : 26700 | epoch : 28] train loss (last 100) = 0.0912
[step : 26800 | epoch : 28] train loss (last 100) = 0.0914
[step : 26900 | epoch : 28] train loss (last 100) = 0.0897
[step : 27000 | epoch : 28] train loss (last 100) = 0.0918
[step : 27100 | epoch : 28] train loss (last 100) = 0.0901
[step : 27200 | epoch : 28] train loss (last 100) = 0.0908
[step : 27300 | epoch : 29] train loss (last 100) = 0.0905
[step : 27400 | epoch : 29] train loss (last 100) = 0.0915
[step : 27500 | epoch : 29] train loss (last 100) = 0.0904
[step : 27600 | epoch : 29] train loss (last 100) = 0.0916
[step : 27700 | epoch : 29] train loss (last 100) = 0.0909
[step : 27800 | epoch : 29] train loss (last 100) = 0.0907
[step : 27900 | epoch : 29] train loss (last 100) = 0.0913
[step : 28000 | epoch : 29] train loss (last 100) = 0.0899
[step : 28100 | epoch : 29] train loss (last 100) = 0.0903
[step : 28200 | epoch : 30] train loss (last 100) = 0.0902
[step : 28300 | epoch : 30] train loss (last 100) = 0.0921
[step : 28400 | epoch : 30] train loss (last 100) = 0.0915
[step : 28500 | epoch : 30] train loss (last 100) = 0.0913
[step : 28600 | epoch : 30] train loss (last 100) = 0.0907
[step : 28700 | epoch : 30] train loss (last 100) = 0.0900
[step : 28800 | epoch : 30] train loss (last 100) = 0.0889
[step : 28900 | epoch : 30] train loss (last 100) = 0.0919
[step : 29000 | epoch : 30] train loss (last 100) = 0.0890
[step : 29100 | epoch : 31] train loss (last 100) = 0.0898
[step : 29200 | epoch : 31] train loss (last 100) = 0.0895
[step : 29300 | epoch : 31] train loss (last 100) = 0.0910
[step : 29400 | epoch : 31] train loss (last 100) = 0.0908
[step : 29500 | epoch : 31] train loss (last 100) = 0.0898
[step : 29600 | epoch : 31] train loss (last 100) = 0.0921
[step : 29700 | epoch : 31] train loss (last 100) = 0.0903
[step : 29800 | epoch : 31] train loss (last 100) = 0.0905
[step : 29900 | epoch : 31] train loss (last 100) = 0.0909
[step : 30000 | epoch : 31] train loss (last 100) = 0.0894
[step : 30100 | epoch : 32] train loss (last 100) = 0.0904
[step : 30200 | epoch : 32] train loss (last 100) = 0.0904
[step : 30300 | epoch : 32] train loss (last 100) = 0.0897
[step : 30400 | epoch : 32] train loss (last 100) = 0.0903
[step : 30500 | epoch : 32] train loss (last 100) = 0.0912
[step : 30600 | epoch : 32] train loss (last 100) = 0.0898
[step : 30700 | epoch : 32] train loss (last 100) = 0.0903
[step : 30800 | epoch : 32] train loss (last 100) = 0.0912
[step : 30900 | epoch : 32] train loss (last 100) = 0.0896
[step : 31000 | epoch : 33] train loss (last 100) = 0.0902
[step : 31100 | epoch : 33] train loss (last 100) = 0.0910
[step : 31200 | epoch : 33] train loss (last 100) = 0.0901
[step : 31300 | epoch : 33] train loss (last 100) = 0.0908
[step : 31400 | epoch : 33] train loss (last 100) = 0.0897
[step : 31500 | epoch : 33] train loss (last 100) = 0.0906
[step : 31600 | epoch : 33] train loss (last 100) = 0.0899
[step : 31700 | epoch : 33] train loss (last 100) = 0.0901
[step : 31800 | epoch : 33] train loss (last 100) = 0.0903
[step : 31900 | epoch : 34] train loss (last 100) = 0.0893
[step : 32000 | epoch : 34] train loss (last 100) = 0.0894
[step : 32100 | epoch : 34] train loss (last 100) = 0.0898
[step : 32200 | epoch : 34] train loss (last 100) = 0.0890
[step : 32300 | epoch : 34] train loss (last 100) = 0.0901
[step : 32400 | epoch : 34] train loss (last 100) = 0.0894
[step : 32500 | epoch : 34] train loss (last 100) = 0.0901
[step : 32600 | epoch : 34] train loss (last 100) = 0.0901
[step : 32700 | epoch : 34] train loss (last 100) = 0.0907
[step : 32800 | epoch : 34] train loss (last 100) = 0.0899
[step : 32900 | epoch : 35] train loss (last 100) = 0.0895
[step : 33000 | epoch : 35] train loss (last 100) = 0.0894
[step : 33100 | epoch : 35] train loss (last 100) = 0.0900
[step : 33200 | epoch : 35] train loss (last 100) = 0.0904
[step : 33300 | epoch : 35] train loss (last 100) = 0.0891
[step : 33400 | epoch : 35] train loss (last 100) = 0.0894
[step : 33500 | epoch : 35] train loss (last 100) = 0.0898
[step : 33600 | epoch : 35] train loss (last 100) = 0.0900
[step : 33700 | epoch : 35] train loss (last 100) = 0.0905
[step : 33800 | epoch : 36] train loss (last 100) = 0.0898
[step : 33900 | epoch : 36] train loss (last 100) = 0.0901
[step : 34000 | epoch : 36] train loss (last 100) = 0.0895
[step : 34100 | epoch : 36] train loss (last 100) = 0.0902
[step : 34200 | epoch : 36] train loss (last 100) = 0.0912
[step : 34300 | epoch : 36] train loss (last 100) = 0.0898
[step : 34400 | epoch : 36] train loss (last 100) = 0.0894
[step : 34500 | epoch : 36] train loss (last 100) = 0.0891
[step : 34600 | epoch : 36] train loss (last 100) = 0.0897
[step : 34700 | epoch : 36] train loss (last 100) = 0.0897
[step : 34800 | epoch : 37] train loss (last 100) = 0.0891
[step : 34900 | epoch : 37] train loss (last 100) = 0.0900
[step : 35000 | epoch : 37] train loss (last 100) = 0.0895
[step : 35100 | epoch : 37] train loss (last 100) = 0.0895
[step : 35200 | epoch : 37] train loss (last 100) = 0.0881
[step : 35300 | epoch : 37] train loss (last 100) = 0.0896
[step : 35400 | epoch : 37] train loss (last 100) = 0.0897
[step : 35500 | epoch : 37] train loss (last 100) = 0.0888
[step : 35600 | epoch : 37] train loss (last 100) = 0.0898
[step : 35700 | epoch : 38] train loss (last 100) = 0.0894
[step : 35800 | epoch : 38] train loss (last 100) = 0.0889
[step : 35900 | epoch : 38] train loss (last 100) = 0.0892
[step : 36000 | epoch : 38] train loss (last 100) = 0.0905
[step : 36100 | epoch : 38] train loss (last 100) = 0.0892
[step : 36200 | epoch : 38] train loss (last 100) = 0.0900
[step : 36300 | epoch : 38] train loss (last 100) = 0.0905
[step : 36400 | epoch : 38] train loss (last 100) = 0.0892
[step : 36500 | epoch : 38] train loss (last 100) = 0.0892
[step : 36600 | epoch : 39] train loss (last 100) = 0.0888
[step : 36700 | epoch : 39] train loss (last 100) = 0.0892
[step : 36800 | epoch : 39] train loss (last 100) = 0.0894
[step : 36900 | epoch : 39] train loss (last 100) = 0.0890
[step : 37000 | epoch : 39] train loss (last 100) = 0.0882
[step : 37100 | epoch : 39] train loss (last 100) = 0.0895
[step : 37200 | epoch : 39] train loss (last 100) = 0.0891
[step : 37300 | epoch : 39] train loss (last 100) = 0.0899
[step : 37400 | epoch : 39] train loss (last 100) = 0.0891
[step : 37500 | epoch : 39] train loss (last 100) = 0.0893
Job finished at: ven. 05 déc. 2025 15:50:55 CET
